log file /etc/frr/frr.log informational
log timestamp precision 3
hostname dummyhostname
ip nht resolve-via-default
ipv6 nht resolve-via-default
bgp route-map delay-timer 20




ipv6 prefix-list 2001:db8::1-pl-ipv6 seq 1 permit 2001:db8:abcd::/48

route-map 2001:db8::1-out permit 1
  match ip address prefix-list 2001:db8::1-pl-ipv6
route-map 2001:db8::1-out permit 2
  match ipv6 address prefix-list 2001:db8::1-pl-ipv6



ip prefix-list 2001:db8::1-pl-ipv6 seq 2 deny any






ip prefix-list 2001:db8::1-inpl-ipv6 seq 1 deny any

ipv6 prefix-list 2001:db8::1-inpl-ipv6 seq 2 deny any
route-map 2001:db8::1-in permit 3
  match ip address prefix-list 2001:db8::1-inpl-ipv6
route-map 2001:db8::1-in permit 4
  match ipv6 address prefix-list 2001:db8::1-inpl-ipv6

router bgp 65000
  no bgp ebgp-requires-policy
  no bgp network import-check
  no bgp default ipv4-unicast
  bgp graceful-restart preserve-fw-state

  neighbor 2001:db8::1 remote-as 65001
  
  
  
  
  neighbor 2001:db8::1 disable-connected-check

  address-family ipv4 unicast
    neighbor 2001:db8::1 activate
    neighbor 2001:db8::1 route-map 2001:db8::1-in in
    neighbor 2001:db8::1 route-map 2001:db8::1-out out
  exit-address-family
  address-family ipv6 unicast
    neighbor 2001:db8::1 activate
    neighbor 2001:db8::1 route-map 2001:db8::1-in in
    neighbor 2001:db8::1 route-map 2001:db8::1-out out
  exit-address-family
  address-family ipv6 unicast
    network 2001:db8:abcd::/48
  exit-address-family


