log file /etc/frr/frr.log informational
log timestamp precision 3
hostname dummyhostname
ip nht resolve-via-default
ipv6 nht resolve-via-default
bgp route-map delay-timer 20



ip prefix-list 192.168.1.2-100-ipv4-localpref-prefixes seq 1 permit 192.169.1.0/24
route-map 192.168.1.2-out permit 1
  match ip address prefix-list 192.168.1.2-100-ipv4-localpref-prefixes
  set local-preference 100
  on-match next

ip prefix-list 192.168.1.2-10:169-ipv4-community-prefixes seq 1 permit 192.169.1.0/24
route-map 192.168.1.2-out permit 2
  match ip address prefix-list 192.168.1.2-10:169-ipv4-community-prefixes
  set community 10:169 additive
  on-match next

ip prefix-list 192.168.1.2-10:170-ipv4-community-prefixes seq 1 permit 192.169.1.0/24
route-map 192.168.1.2-out permit 3
  match ip address prefix-list 192.168.1.2-10:170-ipv4-community-prefixes
  set community 10:170 additive
  on-match next


ip prefix-list 192.168.1.2-pl-ipv4 seq 1 permit 192.169.1.0/24


ip prefix-list 192.168.1.2-150-ipv4-localpref-prefixes seq 1 permit 192.169.1.0/22
route-map 192.168.1.2-out permit 4
  match ip address prefix-list 192.168.1.2-150-ipv4-localpref-prefixes
  set local-preference 150
  on-match next

ip prefix-list 192.168.1.2-10:170-ipv4-community-prefixes seq 2 permit 192.169.1.0/22
route-map 192.168.1.2-out permit 5
  match ip address prefix-list 192.168.1.2-10:170-ipv4-community-prefixes
  set community 10:170 additive
  on-match next
ip prefix-list 192.168.1.2-large:123:456:7890-ipv4-community-prefixes permit 192.169.1.0/22
route-map 192.168.1.2-out permit 6
  match ip address prefix-list 192.168.1.2-large:123:456:7890-ipv4-community-prefixes
  set large-community 123:456:7890 additive
  on-match next


ip prefix-list 192.168.1.2-pl-ipv4 seq 2 permit 192.169.1.0/22


ip prefix-list 192.168.1.2-10:170-ipv4-community-prefixes seq 3 permit 192.170.1.0/22
route-map 192.168.1.2-out permit 7
  match ip address prefix-list 192.168.1.2-10:170-ipv4-community-prefixes
  set community 10:170 additive
  on-match next


ip prefix-list 192.168.1.2-pl-ipv4 seq 3 permit 192.170.1.0/22

route-map 192.168.1.2-out permit 8
  match ip address prefix-list 192.168.1.2-pl-ipv4
route-map 192.168.1.2-out permit 9
  match ipv6 address prefix-list 192.168.1.2-pl-ipv4



ipv6 prefix-list 192.168.1.2-pl-ipv4 seq 4 deny any






ip prefix-list 192.168.1.2-inpl-ipv4 seq 1 deny any

ipv6 prefix-list 192.168.1.2-inpl-ipv4 seq 2 deny any
route-map 192.168.1.2-in permit 10
  match ip address prefix-list 192.168.1.2-inpl-ipv4
route-map 192.168.1.2-in permit 11
  match ipv6 address prefix-list 192.168.1.2-inpl-ipv4




ip prefix-list 192.168.1.3-pl-ipv4 seq 1 permit 192.169.1.0/24

route-map 192.168.1.3-out permit 1
  match ip address prefix-list 192.168.1.3-pl-ipv4
route-map 192.168.1.3-out permit 2
  match ipv6 address prefix-list 192.168.1.3-pl-ipv4



ipv6 prefix-list 192.168.1.3-pl-ipv4 seq 2 deny any






ip prefix-list 192.168.1.3-inpl-ipv4 seq 1 deny any

ipv6 prefix-list 192.168.1.3-inpl-ipv4 seq 2 deny any
route-map 192.168.1.3-in permit 3
  match ip address prefix-list 192.168.1.3-inpl-ipv4
route-map 192.168.1.3-in permit 4
  match ipv6 address prefix-list 192.168.1.3-inpl-ipv4

router bgp 65000
  no bgp ebgp-requires-policy
  no bgp network import-check
  no bgp default ipv4-unicast
  bgp graceful-restart preserve-fw-state

  neighbor 192.168.1.2 remote-as 65001
  
  
  neighbor 192.168.1.2 timers 40 80
  neighbor 192.168.1.2 timers connect 10
  
  

  address-family ipv4 unicast
    neighbor 192.168.1.2 activate
    neighbor 192.168.1.2 route-map 192.168.1.2-in in
    neighbor 192.168.1.2 route-map 192.168.1.2-out out
  exit-address-family
  address-family ipv6 unicast
    neighbor 192.168.1.2 activate
    neighbor 192.168.1.2 route-map 192.168.1.2-in in
    neighbor 192.168.1.2 route-map 192.168.1.2-out out
  exit-address-family
  address-family ipv4 unicast
    network 192.169.1.0/24
    network 192.170.1.0/22
  exit-address-family

router bgp 65000 vrf red
  no bgp ebgp-requires-policy
  no bgp network import-check
  no bgp default ipv4-unicast
  bgp graceful-restart preserve-fw-state

  neighbor 192.168.1.3 remote-as 65001
  
  
  
  

  address-family ipv4 unicast
    neighbor 192.168.1.3 activate
    neighbor 192.168.1.3 route-map 192.168.1.3-in in
    neighbor 192.168.1.3 route-map 192.168.1.3-out out
  exit-address-family
  address-family ipv6 unicast
    neighbor 192.168.1.3 activate
    neighbor 192.168.1.3 route-map 192.168.1.3-in in
    neighbor 192.168.1.3 route-map 192.168.1.3-out out
  exit-address-family
  address-family ipv4 unicast
    network 192.169.1.0/24
  exit-address-family


