log file /etc/frr/frr.log informational
log timestamp precision 3
hostname dummyhostname
ip nht resolve-via-default
ipv6 nht resolve-via-default




ip prefix-list 192.168.1.2-pl-dual seq 1 permit 192.169.1.0/24



ipv6 prefix-list 192.168.1.2-pl-dual seq 2 deny any

route-map 192.168.1.2-out permit 1
  match ip address prefix-list 192.168.1.2-pl-dual
route-map 192.168.1.2-out permit 2
  match ipv6 address prefix-list 192.168.1.2-pl-dual





ip prefix-list 192.168.1.2-inpl-dual seq 1 deny any

ipv6 prefix-list 192.168.1.2-inpl-dual seq 2 deny any
route-map 192.168.1.2-in permit 3
  match ip address prefix-list 192.168.1.2-inpl-dual
route-map 192.168.1.2-in permit 4
  match ipv6 address prefix-list 192.168.1.2-inpl-dual




ipv6 prefix-list 2001:db8::1-pl-dual seq 1 permit 2001:db8:abcd::/48



ip prefix-list 2001:db8::1-pl-dual seq 2 deny any

route-map 2001:db8::1-out permit 1
  match ip address prefix-list 2001:db8::1-pl-dual
route-map 2001:db8::1-out permit 2
  match ipv6 address prefix-list 2001:db8::1-pl-dual





ip prefix-list 2001:db8::1-inpl-dual seq 1 deny any

ipv6 prefix-list 2001:db8::1-inpl-dual seq 2 deny any
route-map 2001:db8::1-in permit 3
  match ip address prefix-list 2001:db8::1-inpl-dual
route-map 2001:db8::1-in permit 4
  match ipv6 address prefix-list 2001:db8::1-inpl-dual

router bgp 65000
  no bgp ebgp-requires-policy
  no bgp network import-check
  no bgp default ipv4-unicast
  bgp graceful-restart preserve-fw-state

  neighbor 192.168.1.2 remote-as 65001
  
  
  
  
  neighbor 2001:db8::1 remote-as 65002
  neighbor 2001:db8::1 ebgp-multihop
  
  
  
  

  address-family ipv4 unicast
    neighbor 192.168.1.2 activate
    neighbor 192.168.1.2 route-map 192.168.1.2-in in
    neighbor 192.168.1.2 route-map 192.168.1.2-out out
  exit-address-family
  address-family ipv6 unicast
    neighbor 192.168.1.2 activate
    neighbor 192.168.1.2 route-map 192.168.1.2-in in
    neighbor 192.168.1.2 route-map 192.168.1.2-out out
  exit-address-family

  address-family ipv4 unicast
    neighbor 2001:db8::1 activate
    neighbor 2001:db8::1 route-map 2001:db8::1-in in
    neighbor 2001:db8::1 route-map 2001:db8::1-out out
  exit-address-family
  address-family ipv6 unicast
    neighbor 2001:db8::1 activate
    neighbor 2001:db8::1 route-map 2001:db8::1-in in
    neighbor 2001:db8::1 route-map 2001:db8::1-out out
  exit-address-family
  address-family ipv4 unicast
    network 192.169.1.0/24
  exit-address-family

  address-family ipv6 unicast
    network 2001:db8:abcd::/48
  exit-address-family


