log file /etc/frr/frr.log informational
log timestamp precision 3
hostname dummyhostname
ip nht resolve-via-default
ipv6 nht resolve-via-default
bgp route-map delay-timer 20


route-map 192.168.1.2-out permit 1
  match ip address prefix-list 192.168.1.2-pl-ipv4
route-map 192.168.1.2-out permit 2
  match ipv6 address prefix-list 192.168.1.2-pl-ipv4



ip prefix-list 192.168.1.2-pl-ipv4 seq 1 deny any
ipv6 prefix-list 192.168.1.2-pl-ipv4 seq 2 deny any






ip prefix-list 192.168.1.2-inpl-ipv4 seq 1 deny any

ipv6 prefix-list 192.168.1.2-inpl-ipv4 seq 2 deny any
route-map 192.168.1.2-in permit 3



route-map 192.168.1.3-out permit 1
  match ip address prefix-list 192.168.1.3-pl-ipv4
route-map 192.168.1.3-out permit 2
  match ipv6 address prefix-list 192.168.1.3-pl-ipv4



ip prefix-list 192.168.1.3-pl-ipv4 seq 1 deny any
ipv6 prefix-list 192.168.1.3-pl-ipv4 seq 2 deny any






ip prefix-list 192.168.1.3-inpl-ipv4 seq 1 deny any

ipv6 prefix-list 192.168.1.3-inpl-ipv4 seq 2 deny any
route-map 192.168.1.3-in permit 3


router bgp 65000
  no bgp ebgp-requires-policy
  no bgp network import-check
  no bgp default ipv4-unicast
  bgp graceful-restart preserve-fw-state

  neighbor 192.168.1.2 remote-as 65001
  
  
  
  
  neighbor 192.168.1.3 remote-as 65001
  
  
  
  

  address-family ipv4 unicast
    neighbor 192.168.1.2 activate
    neighbor 192.168.1.2 route-map 192.168.1.2-in in
    neighbor 192.168.1.2 route-map 192.168.1.2-out out
  exit-address-family
  address-family ipv6 unicast
    neighbor 192.168.1.2 activate
    neighbor 192.168.1.2 route-map 192.168.1.2-in in
    neighbor 192.168.1.2 route-map 192.168.1.2-out out
  exit-address-family

  address-family ipv4 unicast
    neighbor 192.168.1.3 activate
    neighbor 192.168.1.3 route-map 192.168.1.3-in in
    neighbor 192.168.1.3 route-map 192.168.1.3-out out
  exit-address-family
  address-family ipv6 unicast
    neighbor 192.168.1.3 activate
    neighbor 192.168.1.3 route-map 192.168.1.3-in in
    neighbor 192.168.1.3 route-map 192.168.1.3-out out
  exit-address-family

